Full re-scrape requested. Starting from 2025-10-04...
Starting scrape from 2025-10-04 to 2025-12-17...
Warning: href_stats.csv not found. access to reliable PP/PK stats unavailable.
Warning: xG model not found. xG stats will be 0.
Processing 2025-10-04...
  Found 11 games.
    Skipping Preseason Game 2025010094
    Skipping Preseason Game 2025010095
    Skipping Preseason Game 2025010090
    Skipping Preseason Game 2025010091
    Skipping Preseason Game 2025010092
    Skipping Preseason Game 2025010093
    Skipping Preseason Game 2025010096
    Skipping Preseason Game 2025010097
    Skipping Preseason Game 2025010099
    Skipping Preseason Game 2025010100
    Skipping Preseason Game 2025010098
Processing 2025-10-05...
  Found 0 games.
Processing 2025-10-06...
  Found 0 games.
Processing 2025-10-07...
  Found 3 games.
    Fetching PBP for Game 2025020001... 361 events. -> Added 2 stats rows, 82 shots.
    Fetching PBP for Game 2025020002... 300 events. -> Added 2 stats rows, 79 shots.
    Fetching PBP for Game 2025020003... 348 events. -> Added 2 stats rows, 75 shots.
Processing 2025-10-08...
  Found 4 games.
    Fetching PBP for Game 2025020004... 328 events. -> Added 2 stats rows, 82 shots.
    Fetching PBP for Game 2025020005... 383 events. -> Added 2 stats rows, 98 shots.
    Fetching PBP for Game 2025020006... 374 events. -> Added 2 stats rows, 83 shots.
    Fetching PBP for Game 2025020007... 368 events. -> Added 2 stats rows, 80 shots.
Processing 2025-10-09...
  Found 14 games.
    Fetching PBP for Game 2025020008... 330 events. -> Added 2 stats rows, 83 shots.
    Fetching PBP for Game 2025020009... 345 events. -> Added 2 stats rows, 98 shots.
    Fetching PBP for Game 2025020010... 280 events. -> Added 2 stats rows, 69 shots.
    Fetching PBP for Game 2025020011... 347 events. -> Added 2 stats rows, 84 shots.
    Fetching PBP for Game 2025020012... 330 events. -> Added 2 stats rows, 83 shots.
    Fetching PBP for Game 2025020013... 363 events. -> Added 2 stats rows, 90 shots.
    Fetching PBP for Game 2025020014... 358 events. -> Added 2 stats rows, 86 shots.
    Fetching PBP for Game 2025020015... 307 events. -> Added 2 stats rows, 75 shots.
    Fetching PBP for Game 2025020016... 368 events. -> Added 2 stats rows, 96 shots.
    Fetching PBP for Game 2025020017... 335 events. -> Added 2 stats rows, 85 shots.
    Fetching PBP for Game 2025020018... 380 events. -> Added 2 stats rows, 90 shots.
    Fetching PBP for Game 2025020019... 326 events. -> Added 2 stats rows, 74 shots.
    Fetching PBP for Game 2025020020... 341 events. -> Added 2 stats rows, 82 shots.
    Fetching PBP for Game 2025020021... 371 events. -> Added 2 stats rows, 104 shots.
Processing 2025-10-10...
  Found 0 games.
Processing 2025-10-11...
  Found 16 games.
    Fetching PBP for Game 2025020022... 361 events. -> Added 2 stats rows, 89 shots.
    Fetching PBP for Game 2025020023... 341 events. -> Added 2 stats rows, 84 shots.
    Fetching PBP for Game 2025020024... 335 events. -> Added 2 stats rows, 89 shots.
    Fetching PBP for Game 2025020025... 295 events. -> Added 2 stats rows, 84 shots.
    Fetching PBP for Game 2025020026... 331 events. -> Added 2 stats rows, 72 shots.
    Fetching PBP for Game 2025020027... 340 events. -> Added 2 stats rows, 73 shots.
    Fetching PBP for Game 2025020028... 368 events. -> Added 2 stats rows, 94 shots.
    Fetching PBP for Game 2025020029... 309 events. -> Added 2 stats rows, 72 shots.
    Fetching PBP for Game 2025020030... 370 events. -> Added 2 stats rows, 101 shots.
    Fetching PBP for Game 2025020031... 309 events. -> Added 2 stats rows, 77 shots.
    Fetching PBP for Game 2025020032... 335 events. -> Added 2 stats rows, 69 shots.
    Fetching PBP for Game 2025020033... 365 events. -> Added 2 stats rows, 113 shots.
    Fetching PBP for Game 2025020034... 331 events. -> Added 2 stats rows, 91 shots.
    Fetching PBP for Game 2025020035... 316 events. -> Added 2 stats rows, 80 shots.
    Fetching PBP for Game 2025020036... 328 events. -> Added 2 stats rows, 96 shots.
    Fetching PBP for Game 2025020037... 342 events. -> Added 2 stats rows, 90 shots.
Processing 2025-10-12...
  Found 1 games.
    Fetching PBP for Game 2025020038... 312 events. -> Added 2 stats rows, 87 shots.
Processing 2025-10-13...
  Found 10 games.
    Fetching PBP for Game 2025020039... 341 events. -> Added 2 stats rows, 96 shots.
    Fetching PBP for Game 2025020040... 353 events. -> Added 2 stats rows, 95 shots.
    Fetching PBP for Game 2025020041... 361 events. -> Added 2 stats rows, 86 shots.
    Fetching PBP for Game 2025020042... 297 events. -> Added 2 stats rows, 91 shots.
    Fetching PBP for Game 2025020043... 340 events. -> Added 2 stats rows, 82 shots.
    Fetching PBP for Game 2025020044... 278 events. -> Added 2 stats rows, 74 shots.
    Fetching PBP for Game 2025020045... 345 events. -> Added 2 stats rows, 92 shots.
    Fetching PBP for Game 2025020046... 330 events. -> Added 2 stats rows, 96 shots.
    Fetching PBP for Game 2025020047... 368 events. -> Added 2 stats rows, 87 shots.
    Fetching PBP for Game 2025020048... 282 events. -> Added 2 stats rows, 68 shots.
Processing 2025-10-14...
  Found 8 games.
    Fetching PBP for Game 2025020049... 327 events. -> Added 2 stats rows, 89 shots.
    Fetching PBP for Game 2025020050... 338 events. -> Added 2 stats rows, 68 shots.
    Fetching PBP for Game 2025020051... 279 events. -> Added 2 stats rows, 82 shots.
    Fetching PBP for Game 2025020052... 292 events. -> Added 2 stats rows, 76 shots.
    Fetching PBP for Game 2025020053... 343 events. -> Added 2 stats rows, 93 shots.
    Fetching PBP for Game 2025020054... 327 events. -> Added 2 stats rows, 86 shots.
    Fetching PBP for Game 2025020055... 329 events. -> Added 2 stats rows, 91 shots.
    Fetching PBP for Game 2025020056... 304 events. -> Added 2 stats rows, 79 shots.
Processing 2025-10-15...
  Found 4 games.
    Fetching PBP for Game 2025020057... 327 events. -> Added 2 stats rows, 84 shots.
    Fetching PBP for Game 2025020058... 334 events. -> Added 2 stats rows, 81 shots.
    Fetching PBP for Game 2025020059... 299 events. -> Added 2 stats rows, 86 shots.
    Fetching PBP for Game 2025020060... 309 events. -> Added 2 stats rows, 87 shots.
Processing 2025-10-16...
  Found 11 games.
    Fetching PBP for Game 2025020061... 307 events. -> Added 2 stats rows, 83 shots.
    Fetching PBP for Game 2025020062... 276 events. -> Added 2 stats rows, 78 shots.
    Fetching PBP for Game 2025020063... 356 events. -> Added 2 stats rows, 94 shots.
    Fetching PBP for Game 2025020064... 315 events. -> Added 2 stats rows, 84 shots.
    Fetching PBP for Game 2025020066... 239 events. -> Added 2 stats rows, 49 shots.
    Fetching PBP for Game 2025020067... 316 events. -> Added 2 stats rows, 95 shots.
    Fetching PBP for Game 2025020065... 307 events. -> Added 2 stats rows, 91 shots.
    Fetching PBP for Game 2025020068... 305 events. -> Added 2 stats rows, 86 shots.
    Fetching PBP for Game 2025020069... 361 events. -> Added 2 stats rows, 93 shots.
    Fetching PBP for Game 2025020070... 332 events. -> Added 2 stats rows, 80 shots.
    Fetching PBP for Game 2025020071... 260 events. -> Added 2 stats rows, 82 shots.
Processing 2025-10-17...
  Found 4 games.
    Fetching PBP for Game 2025020072... 349 events. -> Added 2 stats rows, 97 shots.
    Fetching PBP for Game 2025020073... 320 events. -> Added 2 stats rows, 84 shots.
    Fetching PBP for Game 2025020074... 356 events. -> Added 2 stats rows, 100 shots.
    Fetching PBP for Game 2025020075... 284 events. -> Added 2 stats rows, 77 shots.
Processing 2025-10-18...
  Found 13 games.
    Fetching PBP for Game 2025020076... 366 events. -> Added 2 stats rows, 102 shots.
    Fetching PBP for Game 2025020077... 312 events. -> Added 2 stats rows, 79 shots.
    Fetching PBP for Game 2025020078... 297 events. -> Added 2 stats rows, 77 shots.
    Fetching PBP for Game 2025020079... 335 events. -> Added 2 stats rows, 77 shots.
    Fetching PBP for Game 2025020080... 299 events. -> Added 2 stats rows, 77 shots.
    Fetching PBP for Game 2025020081... 299 events. -> Added 2 stats rows, 73 shots.
    Fetching PBP for Game 2025020082... 341 events. -> Added 2 stats rows, 90 shots.
    Fetching PBP for Game 2025020083... 290 events. -> Added 2 stats rows, 60 shots.
    Fetching PBP for Game 2025020084... 300 events. -> Added 2 stats rows, 96 shots.
    Fetching PBP for Game 2025020085... 345 events. -> Added 2 stats rows, 80 shots.
    Fetching PBP for Game 2025020086... 384 events. -> Added 2 stats rows, 97 shots.
    Fetching PBP for Game 2025020087... 301 events. -> Added 2 stats rows, 80 shots.
    Fetching PBP for Game 2025020088... 280 events. -> Added 2 stats rows, 81 shots.
Processing 2025-10-19...
  Found 4 games.
    Fetching PBP for Game 2025020089... 328 events. -> Added 2 stats rows, 95 shots.
    Fetching PBP for Game 2025020090... 284 events. -> Added 2 stats rows, 70 shots.
    Fetching PBP for Game 2025020091... 329 events. -> Added 2 stats rows, 103 shots.
    Fetching PBP for Game 2025020092... 336 events. -> Added 2 stats rows, 72 shots.
Processing 2025-10-20...
  Found 5 games.
    Fetching PBP for Game 2025020093... 339 events. -> Added 2 stats rows, 95 shots.
    Fetching PBP for Game 2025020094... 318 events. -> Added 2 stats rows, 72 shots.
    Fetching PBP for Game 2025020095... 322 events. -> Added 2 stats rows, 98 shots.
    Fetching PBP for Game 2025020096... 321 events. -> Added 2 stats rows, 82 shots.
    Fetching PBP for Game 2025020097... 314 events. -> Added 2 stats rows, 74 shots.
Processing 2025-10-21...
  Found 10 games.
    Fetching PBP for Game 2025020098... 335 events. -> Added 2 stats rows, 85 shots.
    Fetching PBP for Game 2025020099... 264 events. -> Added 2 stats rows, 65 shots.
    Fetching PBP for Game 2025020100... 350 events. -> Added 2 stats rows, 94 shots.
    Fetching PBP for Game 2025020101... 345 events. -> Added 2 stats rows, 91 shots.
    Fetching PBP for Game 2025020102... 294 events. -> Added 2 stats rows, 83 shots.
    Fetching PBP for Game 2025020103... 346 events. -> Added 2 stats rows, 81 shots.
    Fetching PBP for Game 2025020104... 289 events. -> Added 2 stats rows, 69 shots.
    Fetching PBP for Game 2025020105... 330 events. -> Added 2 stats rows, 93 shots.
    Fetching PBP for Game 2025020106... 321 events. -> Added 2 stats rows, 83 shots.
    Fetching PBP for Game 2025020107... 351 events. -> Added 2 stats rows, 89 shots.
Processing 2025-10-22...
  Found 3 games.
    Fetching PBP for Game 2025020108... 324 events. -> Added 2 stats rows, 95 shots.
    Fetching PBP for Game 2025020109... 351 events. -> Added 2 stats rows, 105 shots.
    Fetching PBP for Game 2025020110... 327 events. -> Added 2 stats rows, 84 shots.
Processing 2025-10-23...
  Found 12 games.
    Fetching PBP for Game 2025020113... 300 events. -> Added 2 stats rows, 95 shots.
    Fetching PBP for Game 2025020111... 368 events. -> Added 2 stats rows, 104 shots.
    Fetching PBP for Game 2025020112... 268 events. -> Added 2 stats rows, 74 shots.
    Fetching PBP for Game 2025020114... 342 events. -> Added 2 stats rows, 95 shots.
    Fetching PBP for Game 2025020115... 317 events. -> Added 2 stats rows, 93 shots.
    Fetching PBP for Game 2025020116... 312 events. -> Added 2 stats rows, 77 shots.
    Fetching PBP for Game 2025020117... 292 events. -> Added 2 stats rows, 66 shots.
    Fetching PBP for Game 2025020118... 302 events. -> Added 2 stats rows, 70 shots.
    Fetching PBP for Game 2025020120... 325 events. -> Added 2 stats rows, 86 shots.
    Fetching PBP for Game 2025020119... 324 events. -> Added 2 stats rows, 75 shots.
    Fetching PBP for Game 2025020121... 383 events. -> Added 2 stats rows, 110 shots.
    Fetching PBP for Game 2025020122... 303 events. -> Added 2 stats rows, 87 shots.
Processing 2025-10-24...
  Found 4 games.
    Fetching PBP for Game 2025020123... 323 events. -> Added 2 stats rows, 90 shots.
    Fetching PBP for Game 2025020124... 299 events. -> Added 2 stats rows, 72 shots.
    Fetching PBP for Game 2025020125... 302 events. -> Added 2 stats rows, 98 shots.
    Fetching PBP for Game 2025020126... 310 events. -> Added 2 stats rows, 89 shots.
Processing 2025-10-25...
  Found 13 games.
    Fetching PBP for Game 2025020127... 333 events. -> Added 2 stats rows, 81 shots.
    Fetching PBP for Game 2025020128... 328 events. -> Added 2 stats rows, 83 shots.
    Fetching PBP for Game 2025020129... 365 events. -> Added 2 stats rows, 104 shots.
    Fetching PBP for Game 2025020132... 308 events. -> Added 2 stats rows, 71 shots.
    Fetching PBP for Game 2025020130... 324 events. -> Added 2 stats rows, 76 shots.
    Fetching PBP for Game 2025020131... 362 events. -> Added 2 stats rows, 98 shots.
    Fetching PBP for Game 2025020133... 315 events. -> Added 2 stats rows, 82 shots.
    Fetching PBP for Game 2025020134... 341 events. -> Added 2 stats rows, 104 shots.
    Fetching PBP for Game 2025020135... 320 events. -> Added 2 stats rows, 74 shots.
    Fetching PBP for Game 2025020136... 318 events. -> Added 2 stats rows, 93 shots.
    Fetching PBP for Game 2025020137... 370 events. -> Added 2 stats rows, 89 shots.
    Fetching PBP for Game 2025020138... 389 events. -> Added 2 stats rows, 92 shots.
    Fetching PBP for Game 2025020139... 310 events. -> Added 2 stats rows, 87 shots.
Processing 2025-10-26...
  Found 8 games.
    Fetching PBP for Game 2025020140... 335 events. -> Added 2 stats rows, 87 shots.
    Fetching PBP for Game 2025020141... 315 events. -> Added 2 stats rows, 64 shots.
    Fetching PBP for Game 2025020142... 321 events. -> Added 2 stats rows, 89 shots.
    Fetching PBP for Game 2025020143... 307 events. -> Added 2 stats rows, 96 shots.
    Fetching PBP for Game 2025020144... 320 events. -> Added 2 stats rows, 70 shots.
    Fetching PBP for Game 2025020145... 326 events. -> Added 2 stats rows, 87 shots.
    Fetching PBP for Game 2025020146... 324 events. -> Added 2 stats rows, 95 shots.
    Fetching PBP for Game 2025020147... 309 events. -> Added 2 stats rows, 85 shots.
Processing 2025-10-27...
  Found 2 games.
    Fetching PBP for Game 2025020148... 285 events. -> Added 2 stats rows, 79 shots.
    Fetching PBP for Game 2025020149... 329 events. -> Added 2 stats rows, 84 shots.
Processing 2025-10-28...
  Found 16 games.
    Fetching PBP for Game 2025020150... 330 events. -> Added 2 stats rows, 87 shots.
    Fetching PBP for Game 2025020151... 322 events. -> Added 2 stats rows, 90 shots.
    Fetching PBP for Game 2025020155... 354 events. -> Added 2 stats rows, 86 shots.
    Fetching PBP for Game 2025020152... 335 events. -> Added 2 stats rows, 106 shots.
    Fetching PBP for Game 2025020153... 328 events. -> Added 2 stats rows, 87 shots.
    Fetching PBP for Game 2025020154... 270 events. -> Added 2 stats rows, 78 shots.
    Fetching PBP for Game 2025020156... 290 events. -> Added 2 stats rows, 71 shots.
    Fetching PBP for Game 2025020157... 323 events. -> Added 2 stats rows, 92 shots.
    Fetching PBP for Game 2025020158... 278 events. -> Added 2 stats rows, 70 shots.
    Fetching PBP for Game 2025020159... 307 events. -> Added 2 stats rows, 73 shots.
    Fetching PBP for Game 2025020160... 358 events. -> Added 2 stats rows, 80 shots.
    Fetching PBP for Game 2025020161... 355 events. -> Added 2 stats rows, 100 shots.
    Fetching PBP for Game 2025020162... 280 events. -> Added 2 stats rows, 74 shots.
    Fetching PBP for Game 2025020163... 273 events. -> Added 2 stats rows, 85 shots.
    Fetching PBP for Game 2025020164... 270 events. -> Added 2 stats rows, 64 shots.
    Fetching PBP for Game 2025020165... 266 events. -> Added 2 stats rows, 76 shots.
Processing 2025-10-29...
  Found 1 games.
    Fetching PBP for Game 2025020166... 334 events. -> Added 2 stats rows, 88 shots.
Processing 2025-10-30...
  Found 11 games.
    Fetching PBP for Game 2025020167... 350 events. -> Added 2 stats rows, 101 shots.
    Fetching PBP for Game 2025020168... 356 events. -> Added 2 stats rows, 89 shots.
    Fetching PBP for Game 2025020169... 309 events. -> Added 2 stats rows, 88 shots.
    Fetching PBP for Game 2025020170... 307 events. -> Added 2 stats rows, 76 shots.
    Fetching PBP for Game 2025020171... 381 events. -> Added 2 stats rows, 99 shots.
    Fetching PBP for Game 2025020172... 311 events. -> Added 2 stats rows, 87 shots.
    Fetching PBP for Game 2025020173... 312 events. -> Added 2 stats rows, 89 shots.
    Fetching PBP for Game 2025020174... 292 events. -> Added 2 stats rows, 87 shots.
    Fetching PBP for Game 2025020175... 306 events. -> Added 2 stats rows, 97 shots.
    Fetching PBP for Game 2025020176... 314 events. -> Added 2 stats rows, 74 shots.
    Fetching PBP for Game 2025020177... 346 events. -> Added 2 stats rows, 106 shots.
Processing 2025-10-31...
  Found 3 games.
    Fetching PBP for Game 2025020178... 317 events. -> Added 2 stats rows, 82 shots.
    Fetching PBP for Game 2025020179... 296 events. -> Added 2 stats rows, 74 shots.
    Fetching PBP for Game 2025020180... 314 events. -> Added 2 stats rows, 94 shots.
Processing 2025-11-01...
  Found 13 games.
    Fetching PBP for Game 2025020181... 281 events. -> Added 2 stats rows, 81 shots.
    Fetching PBP for Game 2025020182... 306 events. -> Added 2 stats rows, 91 shots.
    Fetching PBP for Game 2025020183... 317 events. -> Added 2 stats rows, 86 shots.
    Fetching PBP for Game 2025020184... 330 events. -> Added 2 stats rows, 88 shots.
    Fetching PBP for Game 2025020185... 305 events. -> Added 2 stats rows, 74 shots.
    Fetching PBP for Game 2025020186... 325 events. -> Added 2 stats rows, 90 shots.
    Fetching PBP for Game 2025020187... 303 events. -> Added 2 stats rows, 73 shots.
    Fetching PBP for Game 2025020188... 338 events. -> Added 2 stats rows, 89 shots.
    Fetching PBP for Game 2025020189... 315 events. -> Added 2 stats rows, 100 shots.
    Fetching PBP for Game 2025020190... 320 events. -> Added 2 stats rows, 93 shots.
    Fetching PBP for Game 2025020191... 327 events. -> Added 2 stats rows, 94 shots.
    Fetching PBP for Game 2025020192... 283 events. -> Added 2 stats rows, 87 shots.
    Fetching PBP for Game 2025020193... 327 events. -> Added 2 stats rows, 79 shots.
Processing 2025-11-02...
  Found 5 games.
    Fetching PBP for Game 2025020194... 303 events. -> Added 2 stats rows, 76 shots.
    Fetching PBP for Game 2025020195... 300 events. -> Added 2 stats rows, 86 shots.
    Fetching PBP for Game 2025020196... 312 events. -> Added 2 stats rows, 62 shots.
    Fetching PBP for Game 2025020197... 311 events. -> Added 2 stats rows, 94 shots.
    Fetching PBP for Game 2025020198... 325 events. -> Added 2 stats rows, 76 shots.
Processing 2025-11-03...
  Found 4 games.
    Fetching PBP for Game 2025020199... 326 events. -> Added 2 stats rows, 84 shots.
    Fetching PBP for Game 2025020200... 288 events. -> Added 2 stats rows, 72 shots.
    Fetching PBP for Game 2025020201... 359 events. -> Added 2 stats rows, 91 shots.
    Fetching PBP for Game 2025020202... 307 events. -> Added 2 stats rows, 79 shots.
Processing 2025-11-04...
  Found 10 games.
    Fetching PBP for Game 2025020203... 288 events. -> Added 2 stats rows, 81 shots.
    Fetching PBP for Game 2025020204... 335 events. -> Added 2 stats rows, 90 shots.
    Fetching PBP for Game 2025020205... 326 events. -> Added 2 stats rows, 90 shots.
    Fetching PBP for Game 2025020206... 317 events. -> Added 2 stats rows, 88 shots.
    Fetching PBP for Game 2025020207... 311 events. -> Added 2 stats rows, 83 shots.
    Fetching PBP for Game 2025020208... 320 events. -> Added 2 stats rows, 95 shots.
    Fetching PBP for Game 2025020209... 319 events. -> Added 2 stats rows, 84 shots.
    Fetching PBP for Game 2025020210... 318 events. -> Added 2 stats rows, 95 shots.
    Fetching PBP for Game 2025020211... 334 events. -> Added 2 stats rows, 86 shots.
    Fetching PBP for Game 2025020212... 275 events. -> Added 2 stats rows, 78 shots.
Processing 2025-11-05...
  Found 5 games.
    Fetching PBP for Game 2025020213... 278 events. -> Added 2 stats rows, 69 shots.
    Fetching PBP for Game 2025020214... 290 events. -> Added 2 stats rows, 81 shots.
    Fetching PBP for Game 2025020215... 345 events. -> Added 2 stats rows, 95 shots.
    Fetching PBP for Game 2025020216... 300 events. -> Added 2 stats rows, 104 shots.
    Fetching PBP for Game 2025020217... 272 events. -> Added 2 stats rows, 81 shots.
Processing 2025-11-06...
  Found 9 games.
    Fetching PBP for Game 2025020218... 313 events. -> Added 2 stats rows, 74 shots.
    Fetching PBP for Game 2025020219... 278 events. -> Added 2 stats rows, 67 shots.
    Fetching PBP for Game 2025020220... 269 events. -> Added 2 stats rows, 67 shots.
    Fetching PBP for Game 2025020222... 360 events. -> Added 2 stats rows, 93 shots.
    Fetching PBP for Game 2025020221... 337 events. -> Added 2 stats rows, 93 shots.
    Fetching PBP for Game 2025020223... 335 events. -> Added 2 stats rows, 83 shots.
    Fetching PBP for Game 2025020224... 299 events. -> Added 2 stats rows, 72 shots.
    Fetching PBP for Game 2025020225... 293 events. -> Added 2 stats rows, 93 shots.
    Fetching PBP for Game 2025020226... 279 events. -> Added 2 stats rows, 70 shots.
Processing 2025-11-07...
  Found 4 games.
    Fetching PBP for Game 2025020227... 341 events. -> Added 2 stats rows, 89 shots.
    Fetching PBP for Game 2025020228... 303 events. -> Added 2 stats rows, 74 shots.
    Fetching PBP for Game 2025020229... 323 events. -> Added 2 stats rows, 80 shots.
    Fetching PBP for Game 2025020230... 288 events. -> Added 2 stats rows, 83 shots.
Processing 2025-11-08...
  Found 13 games.
    Fetching PBP for Game 2025020231... 317 events. -> Added 2 stats rows, 82 shots.
    Fetching PBP for Game 2025020232... 294 events. -> Added 2 stats rows, 65 shots.
    Fetching PBP for Game 2025020233... 284 events. -> Added 2 stats rows, 65 shots.
    Fetching PBP for Game 2025020234... 370 events. -> Added 2 stats rows, 109 shots.
    Fetching PBP for Game 2025020235... 298 events. -> Added 2 stats rows, 76 shots.
    Fetching PBP for Game 2025020236... 291 events. -> Added 2 stats rows, 79 shots.
    Fetching PBP for Game 2025020237... 306 events. -> Added 2 stats rows, 88 shots.
    Fetching PBP for Game 2025020238... 358 events. -> Added 2 stats rows, 88 shots.
    Fetching PBP for Game 2025020239... 293 events. -> Added 2 stats rows, 75 shots.
    Fetching PBP for Game 2025020240... 295 events. -> Added 2 stats rows, 80 shots.
    Fetching PBP for Game 2025020241... 300 events. -> Added 2 stats rows, 95 shots.
    Fetching PBP for Game 2025020242... 355 events. -> Added 2 stats rows, 100 shots.
    Fetching PBP for Game 2025020243... 325 events. -> Added 2 stats rows, 89 shots.
Processing 2025-11-09...
  Found 8 games.
    Fetching PBP for Game 2025020244... 329 events. -> Added 2 stats rows, 93 shots.
    Fetching PBP for Game 2025020245... 301 events. -> Added 2 stats rows, 92 shots.
    Fetching PBP for Game 2025020246... 337 events. -> Added 2 stats rows, 88 shots.
    Fetching PBP for Game 2025020247... 311 events. -> Added 2 stats rows, 82 shots.
    Fetching PBP for Game 2025020248... 295 events. -> Added 2 stats rows, 78 shots.
    Fetching PBP for Game 2025020249... 328 events. -> Added 2 stats rows, 88 shots.
    Fetching PBP for Game 2025020250... 330 events. -> Added 2 stats rows, 101 shots.
    Fetching PBP for Game 2025020251... 322 events. -> Added 2 stats rows, 89 shots.
Processing 2025-11-10...
  Found 4 games.
    Fetching PBP for Game 2025020252... 276 events. -> Added 2 stats rows, 80 shots.
    Fetching PBP for Game 2025020253... 305 events. -> Added 2 stats rows, 75 shots.
    Fetching PBP for Game 2025020254... 317 events. -> Added 2 stats rows, 81 shots.
    Fetching PBP for Game 2025020255... 296 events. -> Added 2 stats rows, 82 shots.
Processing 2025-11-11...
  Found 9 games.
    Fetching PBP for Game 2025020256... 349 events. -> Added 2 stats rows, 107 shots.
    Fetching PBP for Game 2025020257... 300 events. -> Added 2 stats rows, 85 shots.
    Fetching PBP for Game 2025020258... 285 events. -> Added 2 stats rows, 82 shots.
    Fetching PBP for Game 2025020259... 326 events. -> Added 2 stats rows, 87 shots.
    Fetching PBP for Game 2025020260... 310 events. -> Added 2 stats rows, 93 shots.
    Fetching PBP for Game 2025020261... 275 events. -> Added 2 stats rows, 76 shots.
    Fetching PBP for Game 2025020262... 343 events. -> Added 2 stats rows, 96 shots.
    Fetching PBP for Game 2025020263... 302 events. -> Added 2 stats rows, 95 shots.
    Fetching PBP for Game 2025020264... 330 events. -> Added 2 stats rows, 94 shots.
Processing 2025-11-12...
  Found 4 games.
    Fetching PBP for Game 2025020265... 340 events. -> Added 2 stats rows, 88 shots.
    Fetching PBP for Game 2025020266... 290 events. -> Added 2 stats rows, 75 shots.
    Fetching PBP for Game 2025020267... 327 events. -> Added 2 stats rows, 88 shots.
    Fetching PBP for Game 2025020268... 305 events. -> Added 2 stats rows, 90 shots.
Processing 2025-11-13...
  Found 10 games.
    Fetching PBP for Game 2025020269... 308 events. -> Added 2 stats rows, 87 shots.
    Fetching PBP for Game 2025020270... 283 events. -> Added 2 stats rows, 67 shots.
    Fetching PBP for Game 2025020271... 304 events. -> Added 2 stats rows, 63 shots.
    Fetching PBP for Game 2025020272... 334 events. -> Added 2 stats rows, 91 shots.
    Fetching PBP for Game 2025020273... 334 events. -> Added 2 stats rows, 106 shots.
    Fetching PBP for Game 2025020274... 298 events. -> Added 2 stats rows, 89 shots.
    Fetching PBP for Game 2025020275... 342 events. -> Added 2 stats rows, 97 shots.
    Fetching PBP for Game 2025020276... 281 events. -> Added 2 stats rows, 79 shots.
    Fetching PBP for Game 2025020277... 289 events. -> Added 2 stats rows, 91 shots.
    Fetching PBP for Game 2025020278... 279 events. -> Added 2 stats rows, 74 shots.
Processing 2025-11-14...
  Found 4 games.
    Fetching PBP for Game 2025020281... 284 events. -> Added 2 stats rows, 73 shots.
    Fetching PBP for Game 2025020279... 343 events. -> Added 2 stats rows, 85 shots.
    Fetching PBP for Game 2025020280... 282 events. -> Added 2 stats rows, 69 shots.
    Fetching PBP for Game 2025020282... 319 events. -> Added 2 stats rows, 86 shots.
Processing 2025-11-15...
  Found 13 games.
    Fetching PBP for Game 2025020283... 325 events. -> Added 2 stats rows, 81 shots.
    Fetching PBP for Game 2025020284... 310 events. -> Added 2 stats rows, 87 shots.
    Fetching PBP for Game 2025020285... 352 events. -> Added 2 stats rows, 92 shots.
    Fetching PBP for Game 2025020286... 271 events. -> Added 2 stats rows, 64 shots.
    Fetching PBP for Game 2025020287... 337 events. -> Added 2 stats rows, 79 shots.
    Fetching PBP for Game 2025020288... 350 events. -> Added 2 stats rows, 94 shots.
    Fetching PBP for Game 2025020289... 330 events. -> Added 2 stats rows, 92 shots.
    Fetching PBP for Game 2025020290... 379 events. -> Added 2 stats rows, 99 shots.
    Fetching PBP for Game 2025020291... 325 events. -> Added 2 stats rows, 100 shots.
    Fetching PBP for Game 2025020292... 307 events. -> Added 2 stats rows, 89 shots.
    Fetching PBP for Game 2025020293... 300 events. -> Added 2 stats rows, 78 shots.
    Fetching PBP for Game 2025020294... 358 events. -> Added 2 stats rows, 94 shots.
    Fetching PBP for Game 2025020295... 291 events. -> Added 2 stats rows, 78 shots.
Processing 2025-11-16...
  Found 5 games.
    Fetching PBP for Game 2025020296... 300 events. -> Added 2 stats rows, 73 shots.
    Fetching PBP for Game 2025020297... 306 events. -> Added 2 stats rows, 76 shots.
    Fetching PBP for Game 2025020298... 309 events. -> Added 2 stats rows, 72 shots.
    Fetching PBP for Game 2025020299... 331 events. -> Added 2 stats rows, 93 shots.
    Fetching PBP for Game 2025020300... 319 events. -> Added 2 stats rows, 86 shots.
Processing 2025-11-17...
  Found 6 games.
    Fetching PBP for Game 2025020301... 364 events. -> Added 2 stats rows, 96 shots.
    Fetching PBP for Game 2025020302... 339 events. -> Added 2 stats rows, 93 shots.
    Fetching PBP for Game 2025020303... 334 events. -> Added 2 stats rows, 82 shots.
    Fetching PBP for Game 2025020304... 286 events. -> Added 2 stats rows, 81 shots.
    Fetching PBP for Game 2025020305... 291 events. -> Added 2 stats rows, 76 shots.
    Fetching PBP for Game 2025020306... 297 events. -> Added 2 stats rows, 74 shots.
Processing 2025-11-18...
  Found 8 games.
    Fetching PBP for Game 2025020307... 317 events. -> Added 2 stats rows, 89 shots.
    Fetching PBP for Game 2025020308... 292 events. -> Added 2 stats rows, 74 shots.
    Fetching PBP for Game 2025020309... 291 events. -> Added 2 stats rows, 90 shots.
    Fetching PBP for Game 2025020310... 274 events. -> Added 2 stats rows, 70 shots.
    Fetching PBP for Game 2025020311... 306 events. -> Added 2 stats rows, 82 shots.
    Fetching PBP for Game 2025020312... 345 events. -> Added 2 stats rows, 69 shots.
    Fetching PBP for Game 2025020313... 313 events. -> Added 2 stats rows, 75 shots.
    Fetching PBP for Game 2025020314... 297 events. -> Added 2 stats rows, 66 shots.
Processing 2025-11-19...
  Found 4 games.
    Fetching PBP for Game 2025020315... 279 events. -> Added 2 stats rows, 83 shots.
    Fetching PBP for Game 2025020316... 321 events. -> Added 2 stats rows, 91 shots.
    Fetching PBP for Game 2025020317... 335 events. -> Added 2 stats rows, 94 shots.
    Fetching PBP for Game 2025020318... 362 events. -> Added 2 stats rows, 99 shots.
Processing 2025-11-20...
  Found 12 games.
    Fetching PBP for Game 2025020319... 348 events. -> Added 2 stats rows, 90 shots.
    Fetching PBP for Game 2025020320... 320 events. -> Added 2 stats rows, 94 shots.
    Fetching PBP for Game 2025020321... 315 events. -> Added 2 stats rows, 80 shots.
    Fetching PBP for Game 2025020323... 292 events. -> Added 2 stats rows, 86 shots.
    Fetching PBP for Game 2025020324... 308 events. -> Added 2 stats rows, 81 shots.
    Fetching PBP for Game 2025020322... 318 events. -> Added 2 stats rows, 83 shots.
    Fetching PBP for Game 2025020325... 278 events. -> Added 2 stats rows, 80 shots.
    Fetching PBP for Game 2025020326... 322 events. -> Added 2 stats rows, 84 shots.
    Fetching PBP for Game 2025020327... 314 events. -> Added 2 stats rows, 81 shots.
    Fetching PBP for Game 2025020328... 316 events. -> Added 2 stats rows, 89 shots.
    Fetching PBP for Game 2025020329... 331 events. -> Added 2 stats rows, 83 shots.
    Fetching PBP for Game 2025020330... 316 events. -> Added 2 stats rows, 92 shots.
Processing 2025-11-21...
  Found 4 games.
    Fetching PBP for Game 2025020331... 305 events. -> Added 2 stats rows, 73 shots.
    Fetching PBP for Game 2025020332... 291 events. -> Added 2 stats rows, 73 shots.
    Fetching PBP for Game 2025020333... 318 events. -> Added 2 stats rows, 84 shots.
    Fetching PBP for Game 2025020334... 330 events. -> Added 2 stats rows, 98 shots.
Processing 2025-11-22...
  Found 12 games.
    Fetching PBP for Game 2025020335... 350 events. -> Added 2 stats rows, 99 shots.
    Fetching PBP for Game 2025020336... 274 events. -> Added 2 stats rows, 82 shots.
    Fetching PBP for Game 2025020337... 323 events. -> Added 2 stats rows, 83 shots.
    Fetching PBP for Game 2025020338... 335 events. -> Added 2 stats rows, 117 shots.
    Fetching PBP for Game 2025020339... 330 events. -> Added 2 stats rows, 104 shots.
    Fetching PBP for Game 2025020340... 308 events. -> Added 2 stats rows, 88 shots.
    Fetching PBP for Game 2025020341... 307 events. -> Added 2 stats rows, 74 shots.
    Fetching PBP for Game 2025020342... 289 events. -> Added 2 stats rows, 70 shots.
    Fetching PBP for Game 2025020343... 327 events. -> Added 2 stats rows, 94 shots.
    Fetching PBP for Game 2025020344... 328 events. -> Added 2 stats rows, 89 shots.
    Fetching PBP for Game 2025020345... 317 events. -> Added 2 stats rows, 88 shots.
    Fetching PBP for Game 2025020346... 341 events. -> Added 2 stats rows, 96 shots.
Processing 2025-11-23...
  Found 6 games.
    Fetching PBP for Game 2025020347... 324 events. -> Added 2 stats rows, 93 shots.
    Fetching PBP for Game 2025020348... 296 events. -> Added 2 stats rows, 80 shots.
    Fetching PBP for Game 2025020349... 335 events. -> Added 2 stats rows, 90 shots.
    Fetching PBP for Game 2025020350... 318 events. -> Added 2 stats rows, 79 shots.
    Fetching PBP for Game 2025020351... 335 events. -> Added 2 stats rows, 94 shots.
    Fetching PBP for Game 2025020352... 299 events. -> Added 2 stats rows, 85 shots.
Processing 2025-11-24...
  Found 7 games.
    Fetching PBP for Game 2025020353... 264 events. -> Added 2 stats rows, 64 shots.
    Fetching PBP for Game 2025020354... 340 events. -> Added 2 stats rows, 92 shots.
    Fetching PBP for Game 2025020355... 299 events. -> Added 2 stats rows, 64 shots.
    Fetching PBP for Game 2025020356... 266 events. -> Added 2 stats rows, 82 shots.
    Fetching PBP for Game 2025020357... 319 events. -> Added 2 stats rows, 84 shots.
    Fetching PBP for Game 2025020358... 317 events. -> Added 2 stats rows, 96 shots.
    Fetching PBP for Game 2025020359... 269 events. -> Added 2 stats rows, 77 shots.
Processing 2025-11-25...
  Found 1 games.
    Fetching PBP for Game 2025020360... 289 events. -> Added 2 stats rows, 78 shots.
Processing 2025-11-26...
  Found 15 games.
    Fetching PBP for Game 2025020361... 330 events. -> Added 2 stats rows, 89 shots.
    Fetching PBP for Game 2025020362... 312 events. -> Added 2 stats rows, 87 shots.
    Fetching PBP for Game 2025020363... 306 events. -> Added 2 stats rows, 77 shots.
    Fetching PBP for Game 2025020364... 292 events. -> Added 2 stats rows, 77 shots.
    Fetching PBP for Game 2025020365... 296 events. -> Added 2 stats rows, 87 shots.
    Fetching PBP for Game 2025020366... 258 events. -> Added 2 stats rows, 79 shots.
    Fetching PBP for Game 2025020367... 296 events. -> Added 2 stats rows, 81 shots.
    Fetching PBP for Game 2025020368... 359 events. -> Added 2 stats rows, 90 shots.
    Fetching PBP for Game 2025020369... 334 events. -> Added 2 stats rows, 93 shots.
    Fetching PBP for Game 2025020370... 321 events. -> Added 2 stats rows, 100 shots.
    Fetching PBP for Game 2025020371... 327 events. -> Added 2 stats rows, 101 shots.
    Fetching PBP for Game 2025020372... 307 events. -> Added 2 stats rows, 78 shots.
    Fetching PBP for Game 2025020373... 349 events. -> Added 2 stats rows, 91 shots.
    Fetching PBP for Game 2025020374... 343 events. -> Added 2 stats rows, 121 shots.
    Fetching PBP for Game 2025020375... 264 events. -> Added 2 stats rows, 69 shots.
Processing 2025-11-27...
  Found 0 games.
Processing 2025-11-28...
  Found 15 games.
    Fetching PBP for Game 2025020377... 290 events. -> Added 2 stats rows, 88 shots.
    Fetching PBP for Game 2025020376... 323 events. -> Added 2 stats rows, 89 shots.
    Fetching PBP for Game 2025020378... 353 events. -> Added 2 stats rows, 114 shots.
    Fetching PBP for Game 2025020379... 338 events. -> Added 2 stats rows, 93 shots.
    Fetching PBP for Game 2025020380... 384 events. -> Added 2 stats rows, 115 shots.
    Fetching PBP for Game 2025020381... 303 events. -> Added 2 stats rows, 82 shots.
    Fetching PBP for Game 2025020382... 306 events. -> Added 2 stats rows, 82 shots.
    Fetching PBP for Game 2025020383... 304 events. -> Added 2 stats rows, 83 shots.
    Fetching PBP for Game 2025020384... 332 events. -> Added 2 stats rows, 87 shots.
    Fetching PBP for Game 2025020385... 317 events. -> Added 2 stats rows, 81 shots.
    Fetching PBP for Game 2025020386... 311 events. -> Added 2 stats rows, 89 shots.
    Fetching PBP for Game 2025020387... 326 events. -> Added 2 stats rows, 75 shots.
    Fetching PBP for Game 2025020388... 315 events. -> Added 2 stats rows, 82 shots.
    Fetching PBP for Game 2025020389... 329 events. -> Added 2 stats rows, 92 shots.
    Fetching PBP for Game 2025020390... 278 events. -> Added 2 stats rows, 76 shots.
Processing 2025-11-29...
  Found 11 games.
    Fetching PBP for Game 2025020391... 301 events. -> Added 2 stats rows, 85 shots.
    Fetching PBP for Game 2025020392... 319 events. -> Added 2 stats rows, 89 shots.
    Fetching PBP for Game 2025020393... 308 events. -> Added 2 stats rows, 82 shots.
    Fetching PBP for Game 2025020394... 333 events. -> Added 2 stats rows, 81 shots.
    Fetching PBP for Game 2025020395... 331 events. -> Added 2 stats rows, 88 shots.
    Fetching PBP for Game 2025020396... 320 events. -> Added 2 stats rows, 89 shots.
    Fetching PBP for Game 2025020397... 329 events. -> Added 2 stats rows, 81 shots.
    Fetching PBP for Game 2025020398... 297 events. -> Added 2 stats rows, 72 shots.
    Fetching PBP for Game 2025020399... 322 events. -> Added 2 stats rows, 81 shots.
    Fetching PBP for Game 2025020400... 312 events. -> Added 2 stats rows, 78 shots.
    Fetching PBP for Game 2025020401... 301 events. -> Added 2 stats rows, 78 shots.
Processing 2025-11-30...
  Found 4 games.
    Fetching PBP for Game 2025020402... 289 events. -> Added 2 stats rows, 84 shots.
    Fetching PBP for Game 2025020403... 291 events. -> Added 2 stats rows, 78 shots.
    Fetching PBP for Game 2025020404... 312 events. -> Added 2 stats rows, 72 shots.
    Fetching PBP for Game 2025020405... 296 events. -> Added 2 stats rows, 63 shots.
Processing 2025-12-01...
  Found 5 games.
    Fetching PBP for Game 2025020406... 309 events. -> Added 2 stats rows, 84 shots.
    Fetching PBP for Game 2025020407... 313 events. -> Added 2 stats rows, 81 shots.
    Fetching PBP for Game 2025020408... 273 events. -> Added 2 stats rows, 75 shots.
    Fetching PBP for Game 2025020409... 294 events. -> Added 2 stats rows, 76 shots.
    Fetching PBP for Game 2025020410... 310 events. -> Added 2 stats rows, 90 shots.
Processing 2025-12-02...
  Found 10 games.
    Fetching PBP for Game 2025020411... 307 events. -> Added 2 stats rows, 76 shots.
    Fetching PBP for Game 2025020412... 333 events. -> Added 2 stats rows, 93 shots.
    Fetching PBP for Game 2025020414... 280 events. -> Added 2 stats rows, 89 shots.
    Fetching PBP for Game 2025020415... 325 events. -> Added 2 stats rows, 90 shots.
    Fetching PBP for Game 2025020413... 315 events. -> Added 2 stats rows, 89 shots.
    Fetching PBP for Game 2025020416... 318 events. -> Added 2 stats rows, 83 shots.
    Fetching PBP for Game 2025020417... 293 events. -> Added 2 stats rows, 90 shots.
    Fetching PBP for Game 2025020418... 313 events. -> Added 2 stats rows, 86 shots.
    Fetching PBP for Game 2025020419... 319 events. -> Added 2 stats rows, 88 shots.
    Fetching PBP for Game 2025020420... 286 events. -> Added 2 stats rows, 83 shots.
Processing 2025-12-03...
  Found 5 games.
    Fetching PBP for Game 2025020421... 310 events. -> Added 2 stats rows, 79 shots.
    Fetching PBP for Game 2025020422... 369 events. -> Added 2 stats rows, 99 shots.
    Fetching PBP for Game 2025020423... 322 events. -> Added 2 stats rows, 96 shots.
    Fetching PBP for Game 2025020424... 342 events. -> Added 2 stats rows, 94 shots.
    Fetching PBP for Game 2025020425... 277 events. -> Added 2 stats rows, 80 shots.
Processing 2025-12-04...
  Found 10 games.
    Fetching PBP for Game 2025020426... 335 events. -> Added 2 stats rows, 94 shots.
    Fetching PBP for Game 2025020427... 306 events. -> Added 2 stats rows, 83 shots.
    Fetching PBP for Game 2025020428... 326 events. -> Added 2 stats rows, 105 shots.
    Fetching PBP for Game 2025020429... 342 events. -> Added 2 stats rows, 93 shots.
    Fetching PBP for Game 2025020430... 330 events. -> Added 2 stats rows, 105 shots.
    Fetching PBP for Game 2025020431... 324 events. -> Added 2 stats rows, 88 shots.
    Fetching PBP for Game 2025020432... 340 events. -> Added 2 stats rows, 98 shots.
    Fetching PBP for Game 2025020433... 310 events. -> Added 2 stats rows, 86 shots.
    Fetching PBP for Game 2025020434... 306 events. -> Added 2 stats rows, 96 shots.
    Fetching PBP for Game 2025020435... 346 events. -> Added 2 stats rows, 95 shots.
Processing 2025-12-05...
  Found 5 games.
    Fetching PBP for Game 2025020436... 290 events. -> Added 2 stats rows, 73 shots.
    Fetching PBP for Game 2025020437... 318 events. -> Added 2 stats rows, 91 shots.
    Fetching PBP for Game 2025020438... 282 events. -> Added 2 stats rows, 62 shots.
    Fetching PBP for Game 2025020439... 335 events. -> Added 2 stats rows, 84 shots.
    Fetching PBP for Game 2025020440... 339 events. -> Added 2 stats rows, 94 shots.
Processing 2025-12-06...
  Found 12 games.
    Fetching PBP for Game 2025020441... 363 events. -> Added 2 stats rows, 96 shots.
    Fetching PBP for Game 2025020442... 343 events. -> Added 2 stats rows, 89 shots.
    Fetching PBP for Game 2025020443... 320 events. -> Added 2 stats rows, 83 shots.
    Fetching PBP for Game 2025020444... 334 events. -> Added 2 stats rows, 91 shots.
    Fetching PBP for Game 2025020445... 349 events. -> Added 2 stats rows, 88 shots.
    Fetching PBP for Game 2025020446... 297 events. -> Added 2 stats rows, 82 shots.
    Fetching PBP for Game 2025020447... 347 events. -> Added 2 stats rows, 90 shots.
    Fetching PBP for Game 2025020448... 311 events. -> Added 2 stats rows, 77 shots.
    Fetching PBP for Game 2025020449... 304 events. -> Added 2 stats rows, 76 shots.
    Fetching PBP for Game 2025020450... 258 events. -> Added 2 stats rows, 76 shots.
    Fetching PBP for Game 2025020451... 315 events. -> Added 2 stats rows, 81 shots.
    Fetching PBP for Game 2025020452... 320 events. -> Added 2 stats rows, 90 shots.
Processing 2025-12-07...
  Found 8 games.
    Fetching PBP for Game 2025020453... 307 events. -> Added 2 stats rows, 84 shots.
    Fetching PBP for Game 2025020454... 296 events. -> Added 2 stats rows, 80 shots.
    Fetching PBP for Game 2025020455... 326 events. -> Added 2 stats rows, 88 shots.
    Fetching PBP for Game 2025020456... 321 events. -> Added 2 stats rows, 83 shots.
    Fetching PBP for Game 2025020457... 291 events. -> Added 2 stats rows, 65 shots.
    Fetching PBP for Game 2025020458... 315 events. -> Added 2 stats rows, 82 shots.
    Fetching PBP for Game 2025020459... 333 events. -> Added 2 stats rows, 108 shots.
    Fetching PBP for Game 2025020460... 303 events. -> Added 2 stats rows, 97 shots.
Processing 2025-12-08...
  Found 5 games.
    Fetching PBP for Game 2025020461... 306 events. -> Added 2 stats rows, 79 shots.
    Fetching PBP for Game 2025020462... 309 events. -> Added 2 stats rows, 74 shots.
    Fetching PBP for Game 2025020463... 321 events. -> Added 2 stats rows, 87 shots.
    Fetching PBP for Game 2025020464... 317 events. -> Added 2 stats rows, 97 shots.
    Fetching PBP for Game 2025020465... 318 events. -> Added 2 stats rows, 91 shots.
Processing 2025-12-09...
  Found 10 games.
    Fetching PBP for Game 2025020466... 302 events. -> Added 2 stats rows, 82 shots.
    Fetching PBP for Game 2025020467... 342 events. -> Added 2 stats rows, 101 shots.
    Fetching PBP for Game 2025020468... 370 events. -> Added 2 stats rows, 92 shots.
    Fetching PBP for Game 2025020469... 285 events. -> Added 2 stats rows, 68 shots.
    Fetching PBP for Game 2025020470... 354 events. -> Added 2 stats rows, 110 shots.
    Fetching PBP for Game 2025020471... 320 events. -> Added 2 stats rows, 92 shots.
    Fetching PBP for Game 2025020472... 346 events. -> Added 2 stats rows, 89 shots.
    Fetching PBP for Game 2025020473... 310 events. -> Added 2 stats rows, 78 shots.
    Fetching PBP for Game 2025020474... 292 events. -> Added 2 stats rows, 80 shots.
    Fetching PBP for Game 2025020475... 339 events. -> Added 2 stats rows, 100 shots.
Processing 2025-12-10...
  Found 4 games.
    Fetching PBP for Game 2025020476... 282 events. -> Added 2 stats rows, 74 shots.
    Fetching PBP for Game 2025020477... 355 events. -> Added 2 stats rows, 91 shots.
    Fetching PBP for Game 2025020478... 338 events. -> Added 2 stats rows, 108 shots.
    Fetching PBP for Game 2025020479... 346 events. -> Added 2 stats rows, 95 shots.
Processing 2025-12-11...
  Found 13 games.
    Fetching PBP for Game 2025020480... 329 events. -> Added 2 stats rows, 86 shots.
    Fetching PBP for Game 2025020481... 324 events. -> Added 2 stats rows, 90 shots.
    Fetching PBP for Game 2025020482... 363 events. -> Added 2 stats rows, 112 shots.
    Fetching PBP for Game 2025020483... 280 events. -> Added 2 stats rows, 67 shots.
    Fetching PBP for Game 2025020484... 348 events. -> Added 2 stats rows, 94 shots.
    Fetching PBP for Game 2025020485... 321 events. -> Added 2 stats rows, 97 shots.
    Fetching PBP for Game 2025020486... 314 events. -> Added 2 stats rows, 72 shots.
    Fetching PBP for Game 2025020487... 287 events. -> Added 2 stats rows, 76 shots.
    Fetching PBP for Game 2025020488... 331 events. -> Added 2 stats rows, 80 shots.
    Fetching PBP for Game 2025020489... 287 events. -> Added 2 stats rows, 76 shots.
    Fetching PBP for Game 2025020491... 295 events. -> Added 2 stats rows, 91 shots.
    Fetching PBP for Game 2025020490... 322 events. -> Added 2 stats rows, 91 shots.
    Fetching PBP for Game 2025020492... 288 events. -> Added 2 stats rows, 84 shots.
Processing 2025-12-12...
  Found 2 games.
    Fetching PBP for Game 2025020493... 303 events. -> Added 2 stats rows, 79 shots.
    Fetching PBP for Game 2025020494... 337 events. -> Added 2 stats rows, 98 shots.
Processing 2025-12-13...
  Found 13 games.
    Fetching PBP for Game 2025020495... 315 events. -> Added 2 stats rows, 88 shots.
    Fetching PBP for Game 2025020496... 346 events. -> Added 2 stats rows, 89 shots.
    Fetching PBP for Game 2025020497... 356 events. -> Added 2 stats rows, 109 shots.
    Fetching PBP for Game 2025020498... 344 events. -> Added 2 stats rows, 81 shots.
    Fetching PBP for Game 2025020499... 323 events. -> Added 2 stats rows, 99 shots.
    Fetching PBP for Game 2025020500... 325 events. -> Added 2 stats rows, 89 shots.
    Fetching PBP for Game 2025020501... 320 events. -> Added 2 stats rows, 74 shots.
    Fetching PBP for Game 2025020502... 320 events. -> Added 2 stats rows, 77 shots.
    Fetching PBP for Game 2025020503... 304 events. -> Added 2 stats rows, 82 shots.
    Fetching PBP for Game 2025020504... 285 events. -> Added 2 stats rows, 78 shots.
    Fetching PBP for Game 2025020505... 298 events. -> Added 2 stats rows, 62 shots.
    Fetching PBP for Game 2025020506... 334 events. -> Added 2 stats rows, 100 shots.
    Fetching PBP for Game 2025020507... 347 events. -> Added 2 stats rows, 88 shots.
Processing 2025-12-14...
  Found 6 games.
    Fetching PBP for Game 2025020508... 292 events. -> Added 2 stats rows, 72 shots.
    Fetching PBP for Game 2025020509... 314 events. -> Added 2 stats rows, 81 shots.
    Fetching PBP for Game 2025020510... 359 events. -> Added 2 stats rows, 99 shots.
    Fetching PBP for Game 2025020511... 335 events. -> Added 2 stats rows, 94 shots.
    Fetching PBP for Game 2025020512... 309 events. -> Added 2 stats rows, 81 shots.
    Fetching PBP for Game 2025020513... 296 events. -> Added 2 stats rows, 87 shots.
Processing 2025-12-15...
  Found 5 games.
    Fetching PBP for Game 2025020514... 329 events. -> Added 2 stats rows, 75 shots.
    Fetching PBP for Game 2025020515... 305 events. -> Added 2 stats rows, 91 shots.
    Fetching PBP for Game 2025020516... 299 events. -> Added 2 stats rows, 88 shots.
    Fetching PBP for Game 2025020517... 266 events. -> Added 2 stats rows, 77 shots.
    Fetching PBP for Game 2025020518... 341 events. -> Added 2 stats rows, 80 shots.
Processing 2025-12-16...
  Found 10 games.
    Fetching PBP for Game 2025020519... 313 events. -> Added 2 stats rows, 70 shots.
    Fetching PBP for Game 2025020520... 287 events. -> Added 2 stats rows, 73 shots.
    Fetching PBP for Game 2025020521... 289 events. -> Added 2 stats rows, 73 shots.
    Fetching PBP for Game 2025020522... 283 events. -> Added 2 stats rows, 71 shots.
    Fetching PBP for Game 2025020523... 274 events. -> Added 2 stats rows, 70 shots.
    Fetching PBP for Game 2025020525... 308 events. -> Added 2 stats rows, 76 shots.
    Fetching PBP for Game 2025020524... 299 events. -> Added 2 stats rows, 90 shots.
    Fetching PBP for Game 2025020526... 317 events. -> Added 2 stats rows, 90 shots.
    Fetching PBP for Game 2025020527... 338 events. -> Added 2 stats rows, 83 shots.
    Fetching PBP for Game 2025020528... 364 events. -> Added 2 stats rows, 113 shots.
Processing 2025-12-17...
  Found 5 games.
    Fetching PBP for Game 2025020529... 323 events. -> Added 2 stats rows, 83 shots.
    Fetching PBP for Game 2025020530... 289 events. -> Added 2 stats rows, 80 shots.
    Fetching PBP for Game 2025020531... 277 events. -> Added 2 stats rows, 84 shots.
    Fetching PBP for Game 2025020532... 367 events. -> Added 2 stats rows, 95 shots.
    Fetching PBP for Game 2025020533... 342 events. -> Added 2 stats rows, 102 shots.
Writing 1066 rows to nhl_season_2025_2026_gamestats.csv...
Game Stats Done!
Writing 45447 shots to nhl_season_2025_2026_shots.csv...
Shot Data Done!
