=== Historical NHL API Scraper ===

--- Starting Season 20222023 ---
Scraping Regular Season...
  [Reg] Fetched 100/1312 games...
  [Reg] Fetched 200/1312 games...
  [Reg] Fetched 300/1312 games...
  [Reg] Fetched 400/1312 games...
  [Reg] Fetched 500/1312 games...
  [Reg] Fetched 600/1312 games...
  [Reg] Fetched 700/1312 games...
  [Reg] Fetched 800/1312 games...
  [Reg] Fetched 900/1312 games...
  [Reg] Fetched 1000/1312 games...
  [Reg] Fetched 1100/1312 games...
  [Reg] Fetched 1200/1312 games...
  [Reg] Fetched 1300/1312 games...
Scraping Playoffs...
  Flattening and saving 440786 plays for 20222023...
  Saved to /Users/alexgarrison/Downloads/HockeyData/nhl-predictions-app/data/historical_pbp/raw_pbp_20222023.csv

--- Starting Season 20232024 ---
Scraping Regular Season...
  [Reg] Fetched 100/1312 games...
  [Reg] Fetched 200/1312 games...
  [Reg] Fetched 300/1312 games...
  [Reg] Fetched 400/1312 games...
  [Reg] Fetched 500/1312 games...
  [Reg] Fetched 600/1312 games...
  [Reg] Fetched 700/1312 games...
  [Reg] Fetched 800/1312 games...
  [Reg] Fetched 900/1312 games...
  [Reg] Fetched 1000/1312 games...
  [Reg] Fetched 1100/1312 games...
  [Reg] Fetched 1200/1312 games...
  [Reg] Fetched 1300/1312 games...
Scraping Playoffs...
  Flattening and saving 445452 plays for 20232024...
  Saved to /Users/alexgarrison/Downloads/HockeyData/nhl-predictions-app/data/historical_pbp/raw_pbp_20232024.csv

--- Starting Season 20242025 ---
Scraping Regular Season...
  [Reg] Fetched 100/1312 games...
  [Reg] Fetched 200/1312 games...
  [Reg] Fetched 300/1312 games...
  [Reg] Fetched 400/1312 games...
  [Reg] Fetched 500/1312 games...
  [Reg] Fetched 600/1312 games...
  [Reg] Fetched 700/1312 games...
  [Reg] Fetched 800/1312 games...
  [Reg] Fetched 900/1312 games...
  [Reg] Fetched 1000/1312 games...
  [Reg] Fetched 1100/1312 games...
  [Reg] Fetched 1200/1312 games...
  [Reg] Fetched 1300/1312 games...
Scraping Playoffs...
  Flattening and saving 451857 plays for 20242025...
  Saved to /Users/alexgarrison/Downloads/HockeyData/nhl-predictions-app/data/historical_pbp/raw_pbp_20242025.csv

--- Starting Season 20252026 ---
Scraping Regular Season...
  [Reg] Fetched 100/1312 games...
  [Reg] Fetched 200/1312 games...
  [Reg] Fetched 300/1312 games...
  [Reg] Fetched 400/1312 games...
  [Reg] Fetched 500/1312 games...
  [Reg] Fetched 600/1312 games...
  [Reg] Fetched 700/1312 games...
  [Reg] Fetched 800/1312 games...
  [Reg] Fetched 900/1312 games...
  [Reg] Fetched 1000/1312 games...
  [Reg] Fetched 1100/1312 games...
  [Reg] Fetched 1200/1312 games...
  [Reg] Fetched 1300/1312 games...
Scraping Playoffs...
  Flattening and saving 353890 plays for 20252026...
  Saved to /Users/alexgarrison/Downloads/HockeyData/nhl-predictions-app/data/historical_pbp/raw_pbp_20252026.csv
